<html>
<body>
<pre>
<h1>µVision Build Log</h1>
<h2>Tool Versions:</h2>
IDE-Version: ¦ÌVision V5.18.0.0
Copyright (C) 2016 ARM Ltd and ARM Germany GmbH. All rights reserved.
License Information:  ,  , LIC=EXJT4-FW2PY-56UQ2-9ZS8R-L22W4-K1LSD
 
Tool Versions:
Toolchain:       MDK-ARM Standard  Version: 5.18
Toolchain Path:  D:\Program Files (x86)\MDK\ARM\ARMCC\Bin
C Compiler:      Armcc.exe V5.06 update 1 (build 61)
Assembler:       Armasm.exe V5.06 update 1 (build 61)
Linker/Locator:  ArmLink.exe V5.06 update 1 (build 61)
Library Manager: ArmAr.exe V5.06 update 1 (build 61)
Hex Converter:   FromElf.exe V5.06 update 1 (build 61)
CPU DLL:         SARMCM3.DLL V5.18
Dialog DLL:      DCM.DLL V1.13.6.0
Target DLL:      Segger\JL2CM3.dll V2.99.18.0
Dialog DLL:      TCM.DLL V1.14.8.0
 
<h2>Project:</h2>
C:\Users\19430\Desktop\ÎÄ¼þ¼Ð\BÕ¾ÖÇÄÜ¼Ò¾Ó\1-UserCode\USER\UserCode.uvprojx
Project File Date:  03/17/2021

<h2>Output:</h2>
*** Using Compiler 'V5.06 update 1 (build 61)', folder: 'D:\Program Files (x86)\MDK\ARM\ARMCC\Bin'
Rebuild target 'UserCode'
compiling adc.c...
compiling led.c...
compiling stm32f10x_it.c...
compiling system_stm32f10x.c...
compiling main.c...
compiling mq.c...
compiling lcd.c...
compiling beep.c...
compiling light.c...
compiling gui.c...
compiling fan.c...
compiling relay.c...
compiling uln2003.c...
compiling myiic.c...
..\HARDWARE\SHT30\myiic.c(49): warning:  #61-D: integer operation result is out of range
  	
DA_IN();      //SDAè®?ç½?ä¸?è¾?å…?  
..\HARDWARE\SHT30\myiic.c(49): warning:  #68-D: integer conversion resulted in a change of sign
  	
DA_IN();      //SDAè®?ç½?ä¸?è¾?å…?  
..\HARDWARE\SHT30\myiic.c(110): warning:  #61-D: integer operation result is out of range
  	
DA_IN();//SDAè®?ç½?ä¸?è¾?å…?
..\HARDWARE\SHT30\myiic.c(110): warning:  #68-D: integer conversion resulted in a change of sign
  	
DA_IN();//SDAè®?ç½?ä¸?è¾?å…?
..\HARDWARE\SHT30\myiic.c: 4 warnings, 0 errors
compiling sht30.c...
compiling key.c...
compiling delay.c...
compiling usart.c...
compiling core_cm3.c...
compiling sys.c...
assembling startup_stm32f10x_md.s...
compiling stm32f10x_gpio.c...
compiling stm32f10x_rcc.c...
compiling misc.c...
compiling stm32f10x_dma.c...
compiling stm32f10x_usart.c...
compiling stm32f10x_adc.c...
compiling esp8266.c...
compiling MqttKit.c...
compiling stm32f10x_tim.c...
compiling onenet.c...
linking...
Program Size: Code=27556 RO-data=5292 RW-data=104 ZI-data=1864  
FromELF: creating hex file...
"..\OBJ\KEY.axf" - 0 Error(s), 4 Warning(s).

<h2>Collection of Component include folders:</h2>
  C:\Users\19430\Desktop\ÎÄ¼þ¼Ð\BÕ¾ÖÇÄÜ¼Ò¾Ó\1-UserCode\USER\RTE
  D:\Program Files (x86)\MDK\ARM\PACK\Keil\STM32F1xx_DFP\1.0.5\Device\Include

<h2>Collection of Component Files used:</h2>
Build Time Elapsed:  00:00:02
</pre>
</body>
</html>
