<html>
<body>
<pre>
<h1>礦ision Build Log</h1>
<h2>Tool Versions:</h2>
IDE-Version: μVision V5.36.0.0
Copyright (C) 2021 ARM Ltd and ARM Germany GmbH. All rights reserved.
License Information: 11 1, 1, LIC=8VRJ7-EERDU-EV01R-KS3SG-ILF2M-JUC9W
 
Tool Versions:
Toolchain:       MDK-ARM Plus  Version: 5.36.0.0
Toolchain Path:  F:\APP\MDK-ARM\ARM\ARMCC\Bin
C Compiler:      Armcc.exe V5.06 update 7 (build 960)
Assembler:       Armasm.exe V5.06 update 7 (build 960)
Linker/Locator:  ArmLink.exe V5.06 update 7 (build 960)
Library Manager: ArmAr.exe V5.06 update 7 (build 960)
Hex Converter:   FromElf.exe V5.06 update 7 (build 960)
CPU DLL:         SARMCM3.DLL V5.36.0.0
Dialog DLL:      DCM.DLL V1.17.3.0
Target DLL:      STLink\ST-LINKIII-KEIL_SWO.dll V3.0.9.0
Dialog DLL:      TCM.DLL V1.53.0.0
 
<h2>Project:</h2>
F:\学习\竞赛\毕设终稿\1.硬件STM32\SmartHome\USER\UserCode.uvprojx
Project File Date:  11/09/2022

<h2>Output:</h2>
*** Using Compiler 'V5.06 update 7 (build 960)', folder: 'F:\APP\MDK-ARM\ARM\ARMCC\Bin'
Build target 'UserCode'
compiling timer.c...
..\HARDWARE\LED\led.h(29): warning:  #1295-D: Deprecated declaration LED_Init - give arg types
  char* LED_Init();	//初始化
..\HARDWARE\BEEP\beep.h(14): warning:  #1295-D: Deprecated declaration BEEP_Init - give arg types
  char* BEEP_Init();	//初始化
..\HARDWARE\KEY\key.h(33): warning:  #1295-D: Deprecated declaration KEY_Init - give arg types
  char* KEY_Init();
..\HARDWARE\ADC\adc.h(6): warning:  #1295-D: Deprecated declaration ADC1_Init - give arg types
  char* ADC1_Init();
..\HARDWARE\RELAY\relay.h(16): warning:  #1295-D: Deprecated declaration RELAY_Init - give arg types
  char* RELAY_Init();	//初始化
..\HARDWARE\FAN\fan.h(15): warning:  #1295-D: Deprecated declaration FAN_Init - give arg types
  char*  FAN_Init();	//初始化
..\SYSTEM\TIMER\timer.c: 6 warnings, 0 errors
compiling fan.c...
..\HARDWARE\FAN\FAN.h(15): warning:  #1295-D: Deprecated declaration FAN_Init - give arg types
  char*  FAN_Init();	//初始化
..\HARDWARE\FAN\fan.c: 1 warning, 0 errors
compiling main.c...
..\HARDWARE\ADC\adc.h(6): warning:  #1295-D: Deprecated declaration ADC1_Init - give arg types
  char* ADC1_Init();
..\HARDWARE\LED\led.h(29): warning:  #1295-D: Deprecated declaration LED_Init - give arg types
  char* LED_Init();	//初始化
..\HARDWARE\BEEP\beep.h(14): warning:  #1295-D: Deprecated declaration BEEP_Init - give arg types
  char* BEEP_Init();	//初始化
..\HARDWARE\RELAY\relay.h(16): warning:  #1295-D: Deprecated declaration RELAY_Init - give arg types
  char* RELAY_Init();	//初始化
..\HARDWARE\FAN\fan.h(15): warning:  #1295-D: Deprecated declaration FAN_Init - give arg types
  char*  FAN_Init();	//初始化
..\HARDWARE\KEY\key.h(33): warning:  #1295-D: Deprecated declaration KEY_Init - give arg types
  char* KEY_Init();
main.c(139): warning:  #167-D: argument of type "char *" is incompatible with parameter of type "unsigned char *"
  	OLED_ShowString(8,0,p,sizeof(p));
main.c(143): warning:  #167-D: argument of type "char *" is incompatible with parameter of type "unsigned char *"
  	OLED_ShowString(8,16,p,sizeof(p));
main.c(146): warning:  #167-D: argument of type "char *" is incompatible with parameter of type "unsigned char *"
  	OLED_ShowString(8,32,p,sizeof(p));
main.c(149): warning:  #167-D: argument of type "char *" is incompatible with parameter of type "unsigned char *"
  	OLED_ShowString(8,48,p,sizeof(p));
main.c(152): warning:  #167-D: argument of type "char *" is incompatible with parameter of type "unsigned char *"
  	OLED_ShowString(8,64,p,sizeof(p));
main.c(155): warning:  #167-D: argument of type "char *" is incompatible with parameter of type "unsigned char *"
  	OLED_ShowString(8,80,p,sizeof(p)); //温湿度
main.c(159): warning:  #167-D: argument of type "char *" is incompatible with parameter of type "unsigned char *"
  	OLED_ShowString(8,96,p,sizeof(p));	
main.c: 13 warnings, 0 errors
compiling esp8266.c...
..\HARDWARE\ADC\adc.h(6): warning:  #1295-D: Deprecated declaration ADC1_Init - give arg types
  char* ADC1_Init();
..\HARDWARE\LED\led.h(29): warning:  #1295-D: Deprecated declaration LED_Init - give arg types
  char* LED_Init();	//初始化
..\HARDWARE\BEEP\beep.h(14): warning:  #1295-D: Deprecated declaration BEEP_Init - give arg types
  char* BEEP_Init();	//初始化
..\HARDWARE\RELAY\relay.h(16): warning:  #1295-D: Deprecated declaration RELAY_Init - give arg types
  char* RELAY_Init();	//初始化
..\HARDWARE\FAN\fan.h(15): warning:  #1295-D: Deprecated declaration FAN_Init - give arg types
  char*  FAN_Init();	//初始化
..\HARDWARE\KEY\key.h(33): warning:  #1295-D: Deprecated declaration KEY_Init - give arg types
  char* KEY_Init();
..\NET\device\esp8266.c: 6 warnings, 0 errors
compiling onenet.c...
..\HARDWARE\LED\led.h(29): warning:  #1295-D: Deprecated declaration LED_Init - give arg types
  char* LED_Init();	//初始化
..\HARDWARE\ADC\adc.h(6): warning:  #1295-D: Deprecated declaration ADC1_Init - give arg types
  char* ADC1_Init();
..\HARDWARE\BEEP\beep.h(14): warning:  #1295-D: Deprecated declaration BEEP_Init - give arg types
  char* BEEP_Init();	//初始化
..\HARDWARE\RELAY\relay.h(16): warning:  #1295-D: Deprecated declaration RELAY_Init - give arg types
  char* RELAY_Init();	//初始化
..\HARDWARE\FAN\fan.h(15): warning:  #1295-D: Deprecated declaration FAN_Init - give arg types
  char*  FAN_Init();	//初始化
..\HARDWARE\KEY\key.h(33): warning:  #1295-D: Deprecated declaration KEY_Init - give arg types
  char* KEY_Init();
..\NET\onenet\onenet.c: 6 warnings, 0 errors
linking...
Program Size: Code=26288 RO-data=13100 RW-data=5268 ZI-data=3052  
FromELF: creating hex file...
"..\OBJ\UserCode.axf" - 0 Error(s), 32 Warning(s).

<h2>Software Packages used:</h2>

Package Vendor: Keil
                http://www.keil.com/pack/Keil.STM32F1xx_DFP.2.4.0.pack
                Keil.STM32F1xx_DFP.2.4.0
                STMicroelectronics STM32F1 Series Device Support, Drivers and Examples

<h2>Collection of Component include folders:</h2>
  F:\APP\MDK-ARM\PACK\Keil\STM32F1xx_DFP\2.4.0\Device\Include

<h2>Collection of Component Files used:</h2>
Build Time Elapsed:  00:00:03
</pre>
</body>
</html>
